#
# There is insufficient memory for the Java Runtime Environment to continue.
# Native memory allocation (malloc) failed to allocate 1048576 bytes. Error detail: AllocateHeap
# Possible reasons:
#   The system is out of physical RAM or swap space
#   This process is running with CompressedOops enabled, and the Java Heap may be blocking the growth of the native heap
# Possible solutions:
#   Reduce memory load on the system
#   Increase physical memory or swap space
#   Check if swap backing store is full
#   Decrease Java heap size (-Xmx/-Xms)
#   Decrease number of Java threads
#   Decrease Java thread stack sizes (-Xss)
#   Set larger code cache with -XX:ReservedCodeCacheSize=
#   JVM is running with Unscaled Compressed Oops mode in which the Java heap is
#     placed in the first 4GB address space. The Java Heap base address is the
#     maximum limit for the native heap growth. Please use -XX:HeapBaseMinAddress
#     to set the Java Heap base and to place the Java Heap above 4GB virtual address.
# This output file may be truncated or incomplete.
#
#  Out of Memory Error (allocation.cpp:44), pid=7148, tid=1292
#
# JRE version: OpenJDK Runtime Environment Temurin-21.0.11+10 (21.0.11+10) (build 21.0.11+10-LTS)
# Java VM: OpenJDK 64-Bit Server VM Temurin-21.0.11+10 (21.0.11+10-LTS, mixed mode, sharing, tiered, compressed oops, compressed class ptrs, parallel gc, windows-amd64)
# No core dump will be written. Minidumps are not enabled by default on client versions of Windows
#

---------------  S U M M A R Y ------------

Command Line: --add-modules=ALL-SYSTEM --add-opens=java.base/java.util=ALL-UNNAMED --add-opens=java.base/java.lang=ALL-UNNAMED --add-opens=java.base/sun.nio.fs=ALL-UNNAMED -Declipse.application=org.eclipse.jdt.ls.core.id1 -Dosgi.bundles.defaultStartLevel=4 -Declipse.product=org.eclipse.jdt.ls.core.product -Djava.import.generatesMetadataFilesAtProjectRoot=false -DDetectVMInstallationsJob.disabled=true -Dfile.encoding=utf8 -XX:+UseParallelGC -XX:GCTimeRatio=4 -XX:AdaptiveSizePolicyWeight=90 -Dsun.zip.disableMemoryMapping=true -Xmx2G -Xms100m -Xlog:disable -javaagent:c:\Users\adminsena\.vscode\extensions\redhat.java-1.55.0-win32-x64\lombok\lombok-1.18.39-4050.jar -XX:+HeapDumpOnOutOfMemoryError -XX:HeapDumpPath=c:\Users\adminsena\AppData\Roaming\Code\User\workspaceStorage\c78db97b0e3030e5ab51e90ebc773190\redhat.java -Daether.dependencyCollector.impl=bf c:\Users\adminsena\.vscode\extensions\redhat.java-1.55.0-win32-x64\server\plugins\org.eclipse.equinox.launcher_1.7.200.v20260619-2039.jar -configuration c:\Users\adminsena\AppData\Roaming\Code\User\globalStorage\redhat.java\1.55.0\config_win -data c:\Users\adminsena\AppData\Roaming\Code\User\workspaceStorage\c78db97b0e3030e5ab51e90ebc773190\redhat.java\jdt_ws --pipe=\\.\pipe\lsp-be0889d6595d3db22c8f7e32c51d5001-sock

Host: AMD Ryzen 5 PRO 2400G with Radeon Vega Graphics, 8 cores, 14G,  Windows 10 , 64 bit Build 19041 (10.0.19041.5915)
Time: Thu Sep  3 09:13:16 2026 Hora est. Pacífico, Sudamérica elapsed time: 6679.402436 seconds (0d 1h 51m 19s)

---------------  T H R E A D  ---------------

Current thread (0x0000020f0f1ddee0):  JavaThread "Attach Listener" daemon [_thread_in_vm, id=1292, stack(0x0000009d67f00000,0x0000009d68000000) (1024K)]

Stack: [0x0000009d67f00000,0x0000009d68000000]
Native frames: (J=compiled Java code, j=interpreted, Vv=VM code, C=native code)
V  [jvm.dll+0x6d7e19]
V  [jvm.dll+0x8b5096]
V  [jvm.dll+0x8b764e]
V  [jvm.dll+0x8b7d33]
V  [jvm.dll+0x284596]
V  [jvm.dll+0xc13c7]
V  [jvm.dll+0x6d86c9]
V  [jvm.dll+0x133616]
V  [jvm.dll+0x3f868e]
V  [jvm.dll+0x85fb0d]
V  [jvm.dll+0x6d664d]
C  [ucrtbase.dll+0x21bb2]
C  [KERNEL32.DLL+0x17374]
C  [ntdll.dll+0x4cc91]


---------------  P R O C E S S  ---------------

Threads class SMR info:
_java_thread_list=0x0000020f19cd1520, length=61, elements={
0x0000020eb51a44d0, 0x0000020f0f1d2190, 0x0000020f0f1d3740, 0x0000020f0f1db0f0,
0x0000020f0f1ddee0, 0x0000020f0f1e32b0, 0x0000020f0f1e4660, 0x0000020f0f1e9b90,
0x0000020f0f1eb030, 0x0000020f10c3b6b0, 0x0000020f10d91f00, 0x0000020f15468490,
0x0000020f1546bd90, 0x0000020f15b67d20, 0x0000020f15b72750, 0x0000020f15d4f490,
0x0000020f15d50840, 0x0000020f15d4ee00, 0x0000020f15d51bf0, 0x0000020f15d70290,
0x0000020f15d6db30, 0x0000020f15d6e850, 0x0000020f15d6eee0, 0x0000020f15d70920,
0x0000020f15d6e1c0, 0x0000020f15d70fb0, 0x0000020f15d74ac0, 0x0000020f15d71640,
0x0000020f15d72360, 0x0000020f15d71cd0, 0x0000020f15d729f0, 0x0000020f15d73080,
0x0000020f18e406c0, 0x0000020f18e40030, 0x0000020f19ef5f90, 0x0000020f17e93830,
0x0000020f17e95f90, 0x0000020f17e8f000, 0x0000020f1a7c6590, 0x0000020f1a7ca730,
0x0000020f15cb9950, 0x0000020f15d501b0, 0x0000020f15d50ed0, 0x0000020f15d51560,
0x0000020f15d52280, 0x0000020f18e413e0, 0x0000020f18e42100, 0x0000020f10e6f4a0,
0x0000020f10e70850, 0x0000020f10e6fb30, 0x0000020f18e3f310, 0x0000020f18e40d50,
0x0000020f19efae50, 0x0000020f19ef3ec0, 0x0000020f19ef5900, 0x0000020f15cba670,
0x0000020f15cb36e0, 0x0000020f15cbad00, 0x0000020f1a7cbae0, 0x0000020f1a7c5870,
0x0000020f17e94be0
}

Java Threads: ( => current thread )
  0x0000020eb51a44d0 JavaThread "main"                              [_thread_blocked, id=16896, stack(0x0000009d67800000,0x0000009d67900000) (1024K)]
  0x0000020f0f1d2190 JavaThread "Reference Handler"          daemon [_thread_blocked, id=12484, stack(0x0000009d67c00000,0x0000009d67d00000) (1024K)]
  0x0000020f0f1d3740 JavaThread "Finalizer"                  daemon [_thread_blocked, id=19044, stack(0x0000009d67d00000,0x0000009d67e00000) (1024K)]
  0x0000020f0f1db0f0 JavaThread "Signal Dispatcher"          daemon [_thread_blocked, id=9416, stack(0x0000009d67e00000,0x0000009d67f00000) (1024K)]
=>0x0000020f0f1ddee0 JavaThread "Attach Listener"            daemon [_thread_in_vm, id=1292, stack(0x0000009d67f00000,0x0000009d68000000) (1024K)]
  0x0000020f0f1e32b0 JavaThread "Service Thread"             daemon [_thread_blocked, id=7336, stack(0x0000009d68000000,0x0000009d68100000) (1024K)]
  0x0000020f0f1e4660 JavaThread "Monitor Deflation Thread"   daemon [_thread_blocked, id=18544, stack(0x0000009d68100000,0x0000009d68200000) (1024K)]
  0x0000020f0f1e9b90 JavaThread "C2 CompilerThread0"         daemon [_thread_blocked, id=1448, stack(0x0000009d68200000,0x0000009d68300000) (1024K)]
  0x0000020f0f1eb030 JavaThread "C1 CompilerThread0"         daemon [_thread_blocked, id=6684, stack(0x0000009d68300000,0x0000009d68400000) (1024K)]
  0x0000020f10c3b6b0 JavaThread "Common-Cleaner"             daemon [_thread_blocked, id=15096, stack(0x0000009d68500000,0x0000009d68600000) (1024K)]
  0x0000020f10d91f00 JavaThread "Notification Thread"        daemon [_thread_blocked, id=1140, stack(0x0000009d68600000,0x0000009d68700000) (1024K)]
  0x0000020f15468490 JavaThread "Active Thread: Equinox Container: f88ae0ba-cc74-4756-b0d5-5655b8e9ed9c"        [_thread_blocked, id=18552, stack(0x0000009d68e00000,0x0000009d68f00000) (1024K)]
  0x0000020f1546bd90 JavaThread "Refresh Thread: Equinox Container: f88ae0ba-cc74-4756-b0d5-5655b8e9ed9c" daemon [_thread_blocked, id=6116, stack(0x0000009d68f00000,0x0000009d69000000) (1024K)]
  0x0000020f15b67d20 JavaThread "Framework Event Dispatcher: Equinox Container: f88ae0ba-cc74-4756-b0d5-5655b8e9ed9c" daemon [_thread_blocked, id=7600, stack(0x0000009d69000000,0x0000009d69100000) (1024K)]
  0x0000020f15b72750 JavaThread "Start Level: Equinox Container: f88ae0ba-cc74-4756-b0d5-5655b8e9ed9c" daemon [_thread_blocked, id=5312, stack(0x0000009d69100000,0x0000009d69200000) (1024K)]
  0x0000020f15d4f490 JavaThread "Bundle File Closer"         daemon [_thread_blocked, id=16244, stack(0x0000009d69300000,0x0000009d69400000) (1024K)]
  0x0000020f15d50840 JavaThread "SCR Component Actor"        daemon [_thread_blocked, id=17608, stack(0x0000009d68400000,0x0000009d68500000) (1024K)]
  0x0000020f15d4ee00 JavaThread "Worker-JM"                         [_thread_blocked, id=19412, stack(0x0000009d69500000,0x0000009d69600000) (1024K)]
  0x0000020f15d51bf0 JavaThread "Java indexing"              daemon [_thread_blocked, id=16340, stack(0x0000009d69900000,0x0000009d69a00000) (1024K)]
  0x0000020f15d70290 JavaThread "JNA Cleaner"                daemon [_thread_blocked, id=8956, stack(0x0000009d69b00000,0x0000009d69c00000) (1024K)]
  0x0000020f15d6db30 JavaThread "Thread-1"                   daemon [_thread_in_native, id=15780, stack(0x0000009d6a000000,0x0000009d6a100000) (1024K)]
  0x0000020f15d6e850 JavaThread "Thread-2"                   daemon [_thread_in_native, id=12172, stack(0x0000009d6a100000,0x0000009d6a200000) (1024K)]
  0x0000020f15d6eee0 JavaThread "Thread-3"                   daemon [_thread_in_native, id=2116, stack(0x0000009d6a200000,0x0000009d6a300000) (1024K)]
  0x0000020f15d70920 JavaThread "Thread-4"                   daemon [_thread_in_native, id=13504, stack(0x0000009d6a300000,0x0000009d6a400000) (1024K)]
  0x0000020f15d6e1c0 JavaThread "Thread-5"                   daemon [_thread_in_native, id=5576, stack(0x0000009d6a400000,0x0000009d6a500000) (1024K)]
  0x0000020f15d70fb0 JavaThread "Thread-6"                   daemon [_thread_in_native, id=17644, stack(0x0000009d6a500000,0x0000009d6a600000) (1024K)]
  0x0000020f15d74ac0 JavaThread "Thread-7"                   daemon [_thread_in_native, id=14368, stack(0x0000009d6a600000,0x0000009d6a700000) (1024K)]
  0x0000020f15d71640 JavaThread "Thread-8"                   daemon [_thread_in_native, id=11100, stack(0x0000009d6a700000,0x0000009d6a800000) (1024K)]
  0x0000020f15d72360 JavaThread "Thread-9"                   daemon [_thread_in_native, id=592, stack(0x0000009d6a800000,0x0000009d6a900000) (1024K)]
  0x0000020f15d71cd0 JavaThread "pool-2-thread-1"                   [_thread_blocked, id=12300, stack(0x0000009d6a900000,0x0000009d6aa00000) (1024K)]
  0x0000020f15d729f0 JavaThread "WorkspaceEventsHandler"            [_thread_blocked, id=16360, stack(0x0000009d69a00000,0x0000009d69b00000) (1024K)]
  0x0000020f15d73080 JavaThread "pool-1-thread-1"                   [_thread_blocked, id=12736, stack(0x0000009d6ab00000,0x0000009d6ac00000) (1024K)]
  0x0000020f18e406c0 JavaThread "Worker-8: Publish Diagnostics"        [_thread_blocked, id=3000, stack(0x0000009d67500000,0x0000009d67600000) (1024K)]
  0x0000020f18e40030 JavaThread "Cleaner-0"                  daemon [_thread_blocked, id=19604, stack(0x0000009d69d00000,0x0000009d69e00000) (1024K)]
  0x0000020f19ef5f90 JavaThread "Worker-18"                         [_thread_blocked, id=12636, stack(0x0000009d69700000,0x0000009d69800000) (1024K)]
  0x0000020f17e93830 JavaThread "ForkJoinPool.commonPool-worker-15" daemon [_thread_blocked, id=10588, stack(0x0000009d67700000,0x0000009d67800000) (1024K)]
  0x0000020f17e95f90 JavaThread "ForkJoinPool.commonPool-worker-17" daemon [_thread_blocked, id=20252, stack(0x0000009d6ac00000,0x0000009d6ad00000) (1024K)]
  0x0000020f17e8f000 JavaThread "ForkJoinPool.commonPool-worker-18" daemon [_thread_blocked, id=18056, stack(0x0000009d6ad00000,0x0000009d6ae00000) (1024K)]
  0x0000020f1a7c6590 JavaThread "LocalFile Deleter"          daemon [_thread_blocked, id=11792, stack(0x0000009d6b100000,0x0000009d6b200000) (1024K)]
  0x0000020f1a7ca730 JavaThread "LocalFile Deleter"          daemon [_thread_blocked, id=19936, stack(0x0000009d6b200000,0x0000009d6b300000) (1024K)]
  0x0000020f15cb9950 JavaThread "LocalFile Deleter"          daemon [_thread_blocked, id=2940, stack(0x0000009d6b300000,0x0000009d6b400000) (1024K)]
  0x0000020f15d501b0 JavaThread "Compiler Source File Reader" daemon [_thread_blocked, id=14456, stack(0x0000009d6b900000,0x0000009d6ba00000) (1024K)]
  0x0000020f15d50ed0 JavaThread "Compiler Source File Reader" daemon [_thread_blocked, id=19608, stack(0x0000009d6ba00000,0x0000009d6bb00000) (1024K)]
  0x0000020f15d51560 JavaThread "Compiler Source File Reader" daemon [_thread_blocked, id=10740, stack(0x0000009d6bb00000,0x0000009d6bc00000) (1024K)]
  0x0000020f15d52280 JavaThread "Compiler Source File Reader" daemon [_thread_blocked, id=15876, stack(0x0000009d6bc00000,0x0000009d6bd00000) (1024K)]
  0x0000020f18e413e0 JavaThread "Compiler Source File Reader" daemon [_thread_blocked, id=14400, stack(0x0000009d6bd00000,0x0000009d6be00000) (1024K)]
  0x0000020f18e42100 JavaThread "Compiler Source File Reader" daemon [_thread_blocked, id=11076, stack(0x0000009d6be00000,0x0000009d6bf00000) (1024K)]
  0x0000020f10e6f4a0 JavaThread "PatternSearchJob-worker-15" daemon [_thread_blocked, id=18476, stack(0x0000009d6b800000,0x0000009d6b900000) (1024K)]
  0x0000020f10e70850 JavaThread "ForkJoinPool.commonPool-worker-20" daemon [_thread_blocked, id=10360, stack(0x0000009d6c400000,0x0000009d6c500000) (1024K)]
  0x0000020f10e6fb30 JavaThread "ForkJoinPool.commonPool-worker-21" daemon [_thread_blocked, id=17716, stack(0x0000009d6c700000,0x0000009d6c800000) (1024K)]
  0x0000020f18e3f310 JavaThread "Worker-23"                         [_thread_blocked, id=9224, stack(0x0000009d67600000,0x0000009d67700000) (1024K)]
  0x0000020f18e40d50 JavaThread "Worker-24"                         [_thread_blocked, id=19808, stack(0x0000009d69400000,0x0000009d69500000) (1024K)]
  0x0000020f19efae50 JavaThread "Compiler Processing Task"   daemon [_thread_blocked, id=1208, stack(0x0000009d69600000,0x0000009d69700000) (1024K)]
  0x0000020f19ef3ec0 JavaThread "Worker-25"                         [_thread_blocked, id=17032, stack(0x0000009d69800000,0x0000009d69900000) (1024K)]
  0x0000020f19ef5900 JavaThread "PatternSearchJob-worker-16" daemon [_thread_blocked, id=19680, stack(0x0000009d69c00000,0x0000009d69d00000) (1024K)]
  0x0000020f15cba670 JavaThread "PatternSearchJob-worker-17" daemon [_thread_blocked, id=2480, stack(0x0000009d69e00000,0x0000009d69f00000) (1024K)]
  0x0000020f15cb36e0 JavaThread "PatternSearchJob-worker-18" daemon [_thread_blocked, id=19220, stack(0x0000009d69f00000,0x0000009d6a000000) (1024K)]
  0x0000020f15cbad00 JavaThread "PatternSearchJob-worker-19" daemon [_thread_blocked, id=18664, stack(0x0000009d6aa00000,0x0000009d6ab00000) (1024K)]
  0x0000020f1a7cbae0 JavaThread "PatternSearchJob-worker-20" daemon [_thread_blocked, id=9220, stack(0x0000009d6ae00000,0x0000009d6af00000) (1024K)]
  0x0000020f1a7c5870 JavaThread "PatternSearchJob-worker-21" daemon [_thread_blocked, id=19128, stack(0x0000009d6af00000,0x0000009d6b000000) (1024K)]
  0x0000020f17e94be0 JavaThread "Worker-26"                         [_thread_blocked, id=18940, stack(0x0000009d6b400000,0x0000009d6b500000) (1024K)]
Total: 61

Other Threads:
  0x0000020eb6c85ed0 VMThread "VM Thread"                           [id=11624, stack(0x0000009d67b00000,0x0000009d67c00000) (1024K)] _threads_hazard_ptr=0x0000020f19cd1520
  0x0000020eb6c511d0 WatcherThread "VM Periodic Task Thread"        [id=2352, stack(0x0000009d67a00000,0x0000009d67b00000) (1024K)]
  0x0000020eb6c03290 WorkerThread "GC Thread#0"                     [id=12088, stack(0x0000009d67900000,0x0000009d67a00000) (1024K)]
  0x0000020f15528d80 WorkerThread "GC Thread#1"                     [id=17428, stack(0x0000009d68800000,0x0000009d68900000) (1024K)]
  0x0000020f15527180 WorkerThread "GC Thread#2"                     [id=1300, stack(0x0000009d68900000,0x0000009d68a00000) (1024K)]
  0x0000020f15527530 WorkerThread "GC Thread#3"                     [id=9048, stack(0x0000009d68a00000,0x0000009d68b00000) (1024K)]
  0x0000020f155278e0 WorkerThread "GC Thread#4"                     [id=18392, stack(0x0000009d68b00000,0x0000009d68c00000) (1024K)]
  0x0000020f15527c90 WorkerThread "GC Thread#5"                     [id=14524, stack(0x0000009d68c00000,0x0000009d68d00000) (1024K)]
  0x0000020f10e542f0 WorkerThread "GC Thread#6"                     [id=19404, stack(0x0000009d68d00000,0x0000009d68e00000) (1024K)]
  0x0000020f159e47b0 WorkerThread "GC Thread#7"                     [id=6696, stack(0x0000009d68700000,0x0000009d68800000) (1024K)]
Total: 10

Threads with active compile tasks:
C2 CompilerThread0  6679474 26182       4       org.eclipse.jdt.internal.compiler.lookup.MethodBinding::genericSignature (267 bytes)
Total: 1

VM state: synchronizing (normal execution)

VM Mutex/Monitor currently owned by a thread:  ([mutex/lock_event])
[0x00007ffb367bf570] Threads_lock - owner thread: 0x0000020eb6c85ed0
[0x00007ffb367bf670] Heap_lock - owner thread: 0x0000020f18e406c0

Heap address: 0x0000000080000000, size: 2048 MB, Compressed Oops mode: 32-bit

CDS archive(s) mapped at: [0x0000020ece000000-0x0000020eceba0000-0x0000020eceba0000), size 12189696, SharedBaseAddress: 0x0000020ece000000, ArchiveRelocationMode: 1.
Compressed class space mapped at: 0x0000020ecf000000-0x0000020f0f000000, reserved size: 1073741824
Narrow klass base: 0x0000020ece000000, Narrow klass shift: 0, Narrow klass range: 0x100000000

GC Precious Log:
 CardTable entry size: 512
 CPUs: 8 total, 8 available
 Memory: 15284M
 Large Page Support: Disabled
 NUMA Support: Disabled
 Compressed Oops: Enabled (32-bit)
 Alignments: Space 512K, Generation 512K, Heap 2M
 Heap Min Capacity: 100M
 Heap Initial Capacity: 100M
 Heap Max Capacity: 2G
 Pre-touch: Disabled
 Parallel Workers: 8

Heap:
 PSYoungGen      total 4608K, used 4573K [0x00000000d5580000, 0x00000000d5d80000, 0x0000000100000000)
  eden space 3584K, 99% used [0x00000000d5580000,0x00000000d58fe4b0,0x00000000d5900000)
  from space 1024K, 97% used [0x00000000d5b00000,0x00000000d5bf9210,0x00000000d5c00000)
  to   space 2048K, 0% used [0x00000000d5900000,0x00000000d5900000,0x00000000d5b00000)
 ParOldGen       total 1209344K, used 1209102K [0x0000000080000000, 0x00000000c9d00000, 0x00000000d5580000)
  object space 1209344K, 99% used [0x0000000080000000,0x00000000c9cc3808,0x00000000c9d00000)
 Metaspace       used 94458K, committed 96384K, reserved 1179648K
  class space    used 9570K, committed 10496K, reserved 1048576K

Card table byte_map: [0x0000020ec9410000,0x0000020ec9820000] _byte_map_base: 0x0000020ec9010000

Marking Bits: (ParMarkBitMap*) 0x00007ffb367c4460
 Begin Bits: [0x0000020ec9ad0000, 0x0000020ecbad0000)
 End Bits:   [0x0000020ecbad0000, 0x0000020ecdad0000)

Polling page: 0x0000020eb5290000

Metaspace:

Usage:
  Non-class:     82.90 MB used.
      Class:      9.35 MB used.
       Both:     92.24 MB used.

Virtual space:
  Non-class space:      128.00 MB reserved,      83.88 MB ( 66%) committed,  2 nodes.
      Class space:        1.00 GB reserved,      10.25 MB (  1%) committed,  1 nodes.
             Both:        1.12 GB reserved,      94.12 MB (  8%) committed. 

Chunk freelists:
   Non-Class:  11.72 MB
       Class:  5.79 MB
        Both:  17.51 MB

MaxMetaspaceSize: unlimited
CompressedClassSpaceSize: 1.00 GB
Initial GC threshold: 21.00 MB
Current GC threshold: 147.62 MB
CDS: on
 - commit_granule_bytes: 65536.
 - commit_granule_words: 8192.
 - virtual_space_node_default_size: 8388608.
 - enlarge_chunks_in_place: 1.
 - use_allocation_guard: 0.


Internal statistics:

num_allocs_failed_limit: 9.
num_arena_births: 2106.
num_arena_deaths: 488.
num_vsnodes_births: 3.
num_vsnodes_deaths: 0.
num_space_committed: 1506.
num_space_uncommitted: 0.
num_chunks_returned_to_freelist: 590.
num_chunks_taken_from_freelist: 7029.
num_chunk_merges: 171.
num_chunk_splits: 4025.
num_chunks_enlarged: 2217.
num_inconsistent_stats: 0.

CodeHeap 'non-profiled nmethods': size=120000Kb used=26006Kb max_used=26006Kb free=93993Kb
 bounds [0x0000020ec1d00000, 0x0000020ec3670000, 0x0000020ec9230000]
CodeHeap 'profiled nmethods': size=120000Kb used=53551Kb max_used=53551Kb free=66448Kb
 bounds [0x0000020eba230000, 0x0000020ebd680000, 0x0000020ec1760000]
CodeHeap 'non-nmethods': size=5760Kb used=1536Kb max_used=1606Kb free=4223Kb
 bounds [0x0000020ec1760000, 0x0000020ec19d0000, 0x0000020ec1d00000]
CodeCache: size=245760Kb, used=81093Kb, max_used=81163Kb, free=164664Kb
 total_blobs=22884, nmethods=22023, adapters=761, full_count=0
Compilation: enabled, stopped_count=0, restarted_count=0

Compilation events (20 events):
Event: 6671.921 Thread 0x0000020f0f1e9b90 26164       4       org.eclipse.jdt.internal.compiler.ast.MessageSend::resolveType (2162 bytes)
Event: 6672.054 Thread 0x0000020f0f1e9b90 nmethod 26164 0x0000020ec365ed10 code [0x0000020ec365f3c0, 0x0000020ec3661f98]
Event: 6672.514 Thread 0x0000020f0f1eb030 26173   !   3       org.eclipse.jdt.internal.core.util.Util::getUnresolvedJavaElement (574 bytes)
Event: 6672.516 Thread 0x0000020f0f1eb030 nmethod 26173 0x0000020ebd66f410 code [0x0000020ebd66fb00, 0x0000020ebd673a38]
Event: 6672.516 Thread 0x0000020f0f1eb030 26174       3       org.eclipse.jdt.internal.core.Member::areSimilarMethods (177 bytes)
Event: 6672.518 Thread 0x0000020f0f1eb030 nmethod 26174 0x0000020ebd674990 code [0x0000020ebd674e40, 0x0000020ebd6769c8]
Event: 6672.518 Thread 0x0000020f0f1eb030 26175       3       org.eclipse.jdt.core.Signature::getSignatureQualifier (23 bytes)
Event: 6672.519 Thread 0x0000020f0f1eb030 nmethod 26175 0x0000020ebd677690 code [0x0000020ebd677880, 0x0000020ebd677c68]
Event: 6678.987 Thread 0x0000020f0f1e9b90 26176       4       org.eclipse.jdt.internal.core.JavaProject::getJavaProject (2 bytes)
Event: 6678.987 Thread 0x0000020f0f1e9b90 nmethod 26176 0x0000020ec3664890 code [0x0000020ec3664a20, 0x0000020ec3664aa8]
Event: 6679.154 Thread 0x0000020f0f1eb030 26177   !   3       org.eclipse.jdt.internal.core.search.BasicSearchEngine::getWorkingCopies (315 bytes)
Event: 6679.156 Thread 0x0000020f0f1eb030 nmethod 26177 0x0000020ebd677e10 code [0x0000020ebd678180, 0x0000020ebd679ca0]
Event: 6679.156 Thread 0x0000020f0f1eb030 26178       3       org.eclipse.jdt.ls.core.internal.text.correction.SourceAssistProcessor::getHashCodeEqualsAction (114 bytes)
Event: 6679.156 Thread 0x0000020f0f1e9b90 26180  s    4       org.eclipse.jdt.core.dom.DefaultBindingResolver::getVariableBinding (230 bytes)
Event: 6679.158 Thread 0x0000020f0f1eb030 nmethod 26178 0x0000020ebd67a510 code [0x0000020ebd67a8e0, 0x0000020ebd67c398]
Event: 6679.158 Thread 0x0000020f0f1eb030 26181       3       org.eclipse.jdt.internal.core.manipulation.MembersOrderPreferenceCacheCommon::fillCategoryOffsetsFromPreferenceString (336 bytes)
Event: 6679.159 Thread 0x0000020f0f1eb030 nmethod 26181 0x0000020ebd67cd90 code [0x0000020ebd67d0a0, 0x0000020ebd67df58]
Event: 6679.159 Thread 0x0000020f0f1eb030 26179       3       org.eclipse.jdt.ls.core.internal.preferences.ClientPreferences::isHashCodeEqualsPromptSupported (22 bytes)
Event: 6679.159 Thread 0x0000020f0f1eb030 nmethod 26179 0x0000020ebd67e410 code [0x0000020ebd67e600, 0x0000020ebd67e958]
Event: 6679.167 Thread 0x0000020f0f1e9b90 nmethod 26180 0x0000020ec3664b90 code [0x0000020ec3664d80, 0x0000020ec3665510]

GC Heap History (20 events):
Event: 6670.659 GC heap before
{Heap before GC invocations=3556 (full 5):
 PSYoungGen      total 6656K, used 6010K [0x00000000d5580000, 0x00000000d5f80000, 0x0000000100000000)
  eden space 4096K, 100% used [0x00000000d5580000,0x00000000d5980000,0x00000000d5980000)
  from space 2560K, 74% used [0x00000000d5d00000,0x00000000d5ede900,0x00000000d5f80000)
  to   space 3072K, 0% used [0x00000000d5980000,0x00000000d5980000,0x00000000d5c80000)
 ParOldGen       total 1203200K, used 1202849K [0x0000000080000000, 0x00000000c9700000, 0x00000000d5580000)
  object space 1203200K, 99% used [0x0000000080000000,0x00000000c96a8768,0x00000000c9700000)
 Metaspace       used 94422K, committed 96320K, reserved 1179648K
  class space    used 9570K, committed 10496K, reserved 1048576K
}
Event: 6670.663 GC heap after
{Heap after GC invocations=3556 (full 5):
 PSYoungGen      total 7168K, used 1146K [0x00000000d5580000, 0x00000000d5e80000, 0x0000000100000000)
  eden space 4096K, 0% used [0x00000000d5580000,0x00000000d5580000,0x00000000d5980000)
  from space 3072K, 37% used [0x00000000d5980000,0x00000000d5a9e900,0x00000000d5c80000)
  to   space 2048K, 0% used [0x00000000d5c80000,0x00000000d5c80000,0x00000000d5e80000)
 ParOldGen       total 1204736K, used 1204606K [0x0000000080000000, 0x00000000c9880000, 0x00000000d5580000)
  object space 1204736K, 99% used [0x0000000080000000,0x00000000c985f968,0x00000000c9880000)
 Metaspace       used 94422K, committed 96320K, reserved 1179648K
  class space    used 9570K, committed 10496K, reserved 1048576K
}
Event: 6671.031 GC heap before
{Heap before GC invocations=3557 (full 5):
 PSYoungGen      total 7168K, used 5242K [0x00000000d5580000, 0x00000000d5e80000, 0x0000000100000000)
  eden space 4096K, 100% used [0x00000000d5580000,0x00000000d5980000,0x00000000d5980000)
  from space 3072K, 37% used [0x00000000d5980000,0x00000000d5a9e900,0x00000000d5c80000)
  to   space 2048K, 0% used [0x00000000d5c80000,0x00000000d5c80000,0x00000000d5e80000)
 ParOldGen       total 1204736K, used 1204606K [0x0000000080000000, 0x00000000c9880000, 0x00000000d5580000)
  object space 1204736K, 99% used [0x0000000080000000,0x00000000c985f968,0x00000000c9880000)
 Metaspace       used 94429K, committed 96320K, reserved 1179648K
  class space    used 9570K, committed 10496K, reserved 1048576K
}
Event: 6671.035 GC heap after
{Heap after GC invocations=3557 (full 5):
 PSYoungGen      total 5120K, used 980K [0x00000000d5580000, 0x00000000d5d80000, 0x0000000100000000)
  eden space 4096K, 0% used [0x00000000d5580000,0x00000000d5580000,0x00000000d5980000)
  from space 1024K, 95% used [0x00000000d5c80000,0x00000000d5d75200,0x00000000d5d80000)
  to   space 1536K, 0% used [0x00000000d5a80000,0x00000000d5a80000,0x00000000d5c00000)
 ParOldGen       total 1205760K, used 1205642K [0x0000000080000000, 0x00000000c9980000, 0x00000000d5580000)
  object space 1205760K, 99% used [0x0000000080000000,0x00000000c9962b88,0x00000000c9980000)
 Metaspace       used 94429K, committed 96320K, reserved 1179648K
  class space    used 9570K, committed 10496K, reserved 1048576K
}
Event: 6671.432 GC heap before
{Heap before GC invocations=3558 (full 5):
 PSYoungGen      total 5120K, used 5076K [0x00000000d5580000, 0x00000000d5d80000, 0x0000000100000000)
  eden space 4096K, 99% used [0x00000000d5580000,0x00000000d597fec8,0x00000000d5980000)
  from space 1024K, 95% used [0x00000000d5c80000,0x00000000d5d75200,0x00000000d5d80000)
  to   space 1536K, 0% used [0x00000000d5a80000,0x00000000d5a80000,0x00000000d5c00000)
 ParOldGen       total 1205760K, used 1205642K [0x0000000080000000, 0x00000000c9980000, 0x00000000d5580000)
  object space 1205760K, 99% used [0x0000000080000000,0x00000000c9962b88,0x00000000c9980000)
 Metaspace       used 94432K, committed 96320K, reserved 1179648K
  class space    used 9570K, committed 10496K, reserved 1048576K
}
Event: 6671.436 GC heap after
{Heap after GC invocations=3558 (full 5):
 PSYoungGen      total 5632K, used 128K [0x00000000d5580000, 0x00000000d5d00000, 0x0000000100000000)
  eden space 4096K, 0% used [0x00000000d5580000,0x00000000d5580000,0x00000000d5980000)
  from space 1536K, 8% used [0x00000000d5a80000,0x00000000d5aa0000,0x00000000d5c00000)
  to   space 512K, 0% used [0x00000000d5c80000,0x00000000d5c80000,0x00000000d5d00000)
 ParOldGen       total 1206272K, used 1206010K [0x0000000080000000, 0x00000000c9a00000, 0x00000000d5580000)
  object space 1206272K, 99% used [0x0000000080000000,0x00000000c99beb88,0x00000000c9a00000)
 Metaspace       used 94432K, committed 96320K, reserved 1179648K
  class space    used 9570K, committed 10496K, reserved 1048576K
}
Event: 6671.472 GC heap before
{Heap before GC invocations=3559 (full 5):
 PSYoungGen      total 5632K, used 4223K [0x00000000d5580000, 0x00000000d5d00000, 0x0000000100000000)
  eden space 4096K, 99% used [0x00000000d5580000,0x00000000d597ffc8,0x00000000d5980000)
  from space 1536K, 8% used [0x00000000d5a80000,0x00000000d5aa0000,0x00000000d5c00000)
  to   space 512K, 0% used [0x00000000d5c80000,0x00000000d5c80000,0x00000000d5d00000)
 ParOldGen       total 1206272K, used 1206010K [0x0000000080000000, 0x00000000c9a00000, 0x00000000d5580000)
  object space 1206272K, 99% used [0x0000000080000000,0x00000000c99beb88,0x00000000c9a00000)
 Metaspace       used 94437K, committed 96320K, reserved 1179648K
  class space    used 9570K, committed 10496K, reserved 1048576K
}
Event: 6671.475 GC heap after
{Heap after GC invocations=3559 (full 5):
 PSYoungGen      total 4608K, used 504K [0x00000000d5580000, 0x00000000d5d00000, 0x0000000100000000)
  eden space 4096K, 0% used [0x00000000d5580000,0x00000000d5580000,0x00000000d5980000)
  from space 512K, 98% used [0x00000000d5c80000,0x00000000d5cfe0c0,0x00000000d5d00000)
  to   space 1536K, 0% used [0x00000000d5a00000,0x00000000d5a00000,0x00000000d5b80000)
 ParOldGen       total 1206784K, used 1206470K [0x0000000080000000, 0x00000000c9a80000, 0x00000000d5580000)
  object space 1206784K, 99% used [0x0000000080000000,0x00000000c9a31ba8,0x00000000c9a80000)
 Metaspace       used 94437K, committed 96320K, reserved 1179648K
  class space    used 9570K, committed 10496K, reserved 1048576K
}
Event: 6671.518 GC heap before
{Heap before GC invocations=3560 (full 5):
 PSYoungGen      total 4608K, used 4600K [0x00000000d5580000, 0x00000000d5d00000, 0x0000000100000000)
  eden space 4096K, 100% used [0x00000000d5580000,0x00000000d5980000,0x00000000d5980000)
  from space 512K, 98% used [0x00000000d5c80000,0x00000000d5cfe0c0,0x00000000d5d00000)
  to   space 1536K, 0% used [0x00000000d5a00000,0x00000000d5a00000,0x00000000d5b80000)
 ParOldGen       total 1206784K, used 1206470K [0x0000000080000000, 0x00000000c9a80000, 0x00000000d5580000)
  object space 1206784K, 99% used [0x0000000080000000,0x00000000c9a31ba8,0x00000000c9a80000)
 Metaspace       used 94441K, committed 96320K, reserved 1179648K
  class space    used 9570K, committed 10496K, reserved 1048576K
}
Event: 6671.520 GC heap after
{Heap after GC invocations=3560 (full 5):
 PSYoungGen      total 5632K, used 704K [0x00000000d5580000, 0x00000000d5d00000, 0x0000000100000000)
  eden space 4096K, 0% used [0x00000000d5580000,0x00000000d5580000,0x00000000d5980000)
  from space 1536K, 45% used [0x00000000d5a00000,0x00000000d5ab0000,0x00000000d5b80000)
  to   space 1024K, 0% used [0x00000000d5c00000,0x00000000d5c00000,0x00000000d5d00000)
 ParOldGen       total 1206784K, used 1206773K [0x0000000080000000, 0x00000000c9a80000, 0x00000000d5580000)
  object space 1206784K, 99% used [0x0000000080000000,0x00000000c9a7d7f0,0x00000000c9a80000)
 Metaspace       used 94441K, committed 96320K, reserved 1179648K
  class space    used 9570K, committed 10496K, reserved 1048576K
}
Event: 6671.839 GC heap before
{Heap before GC invocations=3561 (full 5):
 PSYoungGen      total 5632K, used 4800K [0x00000000d5580000, 0x00000000d5d00000, 0x0000000100000000)
  eden space 4096K, 100% used [0x00000000d5580000,0x00000000d5980000,0x00000000d5980000)
  from space 1536K, 45% used [0x00000000d5a00000,0x00000000d5ab0000,0x00000000d5b80000)
  to   space 1024K, 0% used [0x00000000d5c00000,0x00000000d5c00000,0x00000000d5d00000)
 ParOldGen       total 1206784K, used 1206773K [0x0000000080000000, 0x00000000c9a80000, 0x00000000d5580000)
  object space 1206784K, 99% used [0x0000000080000000,0x00000000c9a7d7f0,0x00000000c9a80000)
 Metaspace       used 94441K, committed 96320K, reserved 1179648K
  class space    used 9570K, committed 10496K, reserved 1048576K
}
Event: 6671.843 GC heap after
{Heap after GC invocations=3561 (full 5):
 PSYoungGen      total 4608K, used 410K [0x00000000d5580000, 0x00000000d5c80000, 0x0000000100000000)
  eden space 4096K, 0% used [0x00000000d5580000,0x00000000d5580000,0x00000000d5980000)
  from space 512K, 80% used [0x00000000d5c00000,0x00000000d5c66bf8,0x00000000d5c80000)
  to   space 1024K, 0% used [0x00000000d5a80000,0x00000000d5a80000,0x00000000d5b80000)
 ParOldGen       total 1207808K, used 1207391K [0x0000000080000000, 0x00000000c9b80000, 0x00000000d5580000)
  object space 1207808K, 99% used [0x0000000080000000,0x00000000c9b17f80,0x00000000c9b80000)
 Metaspace       used 94441K, committed 96320K, reserved 1179648K
  class space    used 9570K, committed 10496K, reserved 1048576K
}
Event: 6671.886 GC heap before
{Heap before GC invocations=3562 (full 5):
 PSYoungGen      total 4608K, used 4506K [0x00000000d5580000, 0x00000000d5c80000, 0x0000000100000000)
  eden space 4096K, 100% used [0x00000000d5580000,0x00000000d5980000,0x00000000d5980000)
  from space 512K, 80% used [0x00000000d5c00000,0x00000000d5c66bf8,0x00000000d5c80000)
  to   space 1024K, 0% used [0x00000000d5a80000,0x00000000d5a80000,0x00000000d5b80000)
 ParOldGen       total 1207808K, used 1207391K [0x0000000080000000, 0x00000000c9b80000, 0x00000000d5580000)
  object space 1207808K, 99% used [0x0000000080000000,0x00000000c9b17f80,0x00000000c9b80000)
 Metaspace       used 94446K, committed 96320K, reserved 1179648K
  class space    used 9570K, committed 10496K, reserved 1048576K
}
Event: 6671.890 GC heap after
{Heap after GC invocations=3562 (full 5):
 PSYoungGen      total 5120K, used 1024K [0x00000000d5580000, 0x00000000d5c80000, 0x0000000100000000)
  eden space 4096K, 0% used [0x00000000d5580000,0x00000000d5580000,0x00000000d5980000)
  from space 1024K, 100% used [0x00000000d5a80000,0x00000000d5b80000,0x00000000d5b80000)
  to   space 1024K, 0% used [0x00000000d5b80000,0x00000000d5b80000,0x00000000d5c80000)
 ParOldGen       total 1207808K, used 1207650K [0x0000000080000000, 0x00000000c9b80000, 0x00000000d5580000)
  object space 1207808K, 99% used [0x0000000080000000,0x00000000c9b58b78,0x00000000c9b80000)
 Metaspace       used 94446K, committed 96320K, reserved 1179648K
  class space    used 9570K, committed 10496K, reserved 1048576K
}
Event: 6671.913 GC heap before
{Heap before GC invocations=3563 (full 5):
 PSYoungGen      total 5120K, used 5120K [0x00000000d5580000, 0x00000000d5c80000, 0x0000000100000000)
  eden space 4096K, 100% used [0x00000000d5580000,0x00000000d5980000,0x00000000d5980000)
  from space 1024K, 100% used [0x00000000d5a80000,0x00000000d5b80000,0x00000000d5b80000)
  to   space 1024K, 0% used [0x00000000d5b80000,0x00000000d5b80000,0x00000000d5c80000)
 ParOldGen       total 1207808K, used 1207650K [0x0000000080000000, 0x00000000c9b80000, 0x00000000d5580000)
  object space 1207808K, 99% used [0x0000000080000000,0x00000000c9b58b78,0x00000000c9b80000)
 Metaspace       used 94453K, committed 96384K, reserved 1179648K
  class space    used 9570K, committed 10496K, reserved 1048576K
}
Event: 6671.918 GC heap after
{Heap after GC invocations=3563 (full 5):
 PSYoungGen      total 5120K, used 996K [0x00000000d5580000, 0x00000000d5c80000, 0x0000000100000000)
  eden space 4096K, 0% used [0x00000000d5580000,0x00000000d5580000,0x00000000d5980000)
  from space 1024K, 97% used [0x00000000d5b80000,0x00000000d5c79210,0x00000000d5c80000)
  to   space 1536K, 0% used [0x00000000d5980000,0x00000000d5980000,0x00000000d5b00000)
 ParOldGen       total 1208832K, used 1208641K [0x0000000080000000, 0x00000000c9c80000, 0x00000000d5580000)
  object space 1208832K, 99% used [0x0000000080000000,0x00000000c9c505f8,0x00000000c9c80000)
 Metaspace       used 94453K, committed 96384K, reserved 1179648K
  class space    used 9570K, committed 10496K, reserved 1048576K
}
Event: 6678.994 GC heap before
{Heap before GC invocations=3564 (full 5):
 PSYoungGen      total 5120K, used 5092K [0x00000000d5580000, 0x00000000d5c80000, 0x0000000100000000)
  eden space 4096K, 100% used [0x00000000d5580000,0x00000000d5980000,0x00000000d5980000)
  from space 1024K, 97% used [0x00000000d5b80000,0x00000000d5c79210,0x00000000d5c80000)
  to   space 1536K, 0% used [0x00000000d5980000,0x00000000d5980000,0x00000000d5b00000)
 ParOldGen       total 1208832K, used 1208641K [0x0000000080000000, 0x00000000c9c80000, 0x00000000d5580000)
  object space 1208832K, 99% used [0x0000000080000000,0x00000000c9c505f8,0x00000000c9c80000)
 Metaspace       used 94453K, committed 96384K, reserved 1179648K
  class space    used 9570K, committed 10496K, reserved 1048576K
}
Event: 6678.997 GC heap after
{Heap after GC invocations=3564 (full 5):
 PSYoungGen      total 5632K, used 458K [0x00000000d5580000, 0x00000000d5c00000, 0x0000000100000000)
  eden space 4096K, 0% used [0x00000000d5580000,0x00000000d5580000,0x00000000d5980000)
  from space 1536K, 29% used [0x00000000d5980000,0x00000000d59f2910,0x00000000d5b00000)
  to   space 1024K, 0% used [0x00000000d5b00000,0x00000000d5b00000,0x00000000d5c00000)
 ParOldGen       total 1208832K, used 1208697K [0x0000000080000000, 0x00000000c9c80000, 0x00000000d5580000)
  object space 1208832K, 99% used [0x0000000080000000,0x00000000c9c5e5f8,0x00000000c9c80000)
 Metaspace       used 94453K, committed 96384K, reserved 1179648K
  class space    used 9570K, committed 10496K, reserved 1048576K
}
Event: 6679.021 GC heap before
{Heap before GC invocations=3565 (full 5):
 PSYoungGen      total 5632K, used 4554K [0x00000000d5580000, 0x00000000d5c00000, 0x0000000100000000)
  eden space 4096K, 99% used [0x00000000d5580000,0x00000000d597ffb8,0x00000000d5980000)
  from space 1536K, 29% used [0x00000000d5980000,0x00000000d59f2910,0x00000000d5b00000)
  to   space 1024K, 0% used [0x00000000d5b00000,0x00000000d5b00000,0x00000000d5c00000)
 ParOldGen       total 1208832K, used 1208697K [0x0000000080000000, 0x00000000c9c80000, 0x00000000d5580000)
  object space 1208832K, 99% used [0x0000000080000000,0x00000000c9c5e5f8,0x00000000c9c80000)
 Metaspace       used 94453K, committed 96384K, reserved 1179648K
  class space    used 9570K, committed 10496K, reserved 1048576K
}
Event: 6679.024 GC heap after
{Heap after GC invocations=3565 (full 5):
 PSYoungGen      total 4608K, used 996K [0x00000000d5580000, 0x00000000d5d80000, 0x0000000100000000)
  eden space 3584K, 0% used [0x00000000d5580000,0x00000000d5580000,0x00000000d5900000)
  from space 1024K, 97% used [0x00000000d5b00000,0x00000000d5bf9210,0x00000000d5c00000)
  to   space 2048K, 0% used [0x00000000d5900000,0x00000000d5900000,0x00000000d5b00000)
 ParOldGen       total 1209344K, used 1209102K [0x0000000080000000, 0x00000000c9d00000, 0x00000000d5580000)
  object space 1209344K, 99% used [0x0000000080000000,0x00000000c9cc3808,0x00000000c9d00000)
 Metaspace       used 94453K, committed 96384K, reserved 1179648K
  class space    used 9570K, committed 10496K, reserved 1048576K
}

Dll operation events (14 events):
Event: 0.014 Loaded shared library c:\Users\adminsena\.vscode\extensions\redhat.java-1.55.0-win32-x64\jre\21.0.11-win32-x86_64\bin\java.dll
Event: 0.097 Loaded shared library c:\Users\adminsena\.vscode\extensions\redhat.java-1.55.0-win32-x64\jre\21.0.11-win32-x86_64\bin\zip.dll
Event: 0.124 Loaded shared library C:\Users\adminsena\.vscode\extensions\redhat.java-1.55.0-win32-x64\jre\21.0.11-win32-x86_64\bin\instrument.dll
Event: 0.132 Loaded shared library C:\Users\adminsena\.vscode\extensions\redhat.java-1.55.0-win32-x64\jre\21.0.11-win32-x86_64\bin\net.dll
Event: 0.136 Loaded shared library C:\Users\adminsena\.vscode\extensions\redhat.java-1.55.0-win32-x64\jre\21.0.11-win32-x86_64\bin\nio.dll
Event: 0.140 Loaded shared library C:\Users\adminsena\.vscode\extensions\redhat.java-1.55.0-win32-x64\jre\21.0.11-win32-x86_64\bin\zip.dll
Event: 0.165 Loaded shared library C:\Users\adminsena\.vscode\extensions\redhat.java-1.55.0-win32-x64\jre\21.0.11-win32-x86_64\bin\jimage.dll
Event: 0.306 Loaded shared library c:\Users\adminsena\.vscode\extensions\redhat.java-1.55.0-win32-x64\jre\21.0.11-win32-x86_64\bin\verify.dll
Event: 2.328 Loaded shared library C:\Users\adminsena\AppData\Roaming\Code\User\globalStorage\redhat.java\1.55.0\config_win\org.eclipse.equinox.launcher\org.eclipse.equinox.launcher.win32.win32.x86_64_1.3.100.v20260613-0559\eclipse_11924.dll
Event: 5.895 Loaded shared library C:\Users\adminsena\.vscode\extensions\redhat.java-1.55.0-win32-x64\jre\21.0.11-win32-x86_64\bin\management.dll
Event: 5.898 Loaded shared library C:\Users\adminsena\.vscode\extensions\redhat.java-1.55.0-win32-x64\jre\21.0.11-win32-x86_64\bin\management_ext.dll
Event: 9.774 Loaded shared library C:\Users\adminsena\AppData\Local\Temp\jna-22778708\jna12844861363691298828.dll
Event: 10.615 Loaded shared library C:\Users\adminsena\.vscode\extensions\redhat.java-1.55.0-win32-x64\jre\21.0.11-win32-x86_64\bin\sunmscapi.dll
Event: 11.004 Loaded shared library C:\Users\adminsena\.vscode\extensions\redhat.java-1.55.0-win32-x64\jre\21.0.11-win32-x86_64\bin\extnet.dll

Deoptimization events (20 events):
Event: 6671.531 Thread 0x0000020f10e6fb30 DEOPT PACKING pc=0x0000020ec34fbc24 sp=0x0000009d6c7fda70
Event: 6671.531 Thread 0x0000020f10e6fb30 DEOPT UNPACKING pc=0x0000020ec17b3aa2 sp=0x0000009d6c7fda08 mode 2
Event: 6671.531 Thread 0x0000020f10e6fb30 Uncommon trap: trap_request=0xffffffde fr.pc=0x0000020ec34fbc24 relative=0x0000000000000d24
Event: 6671.531 Thread 0x0000020f10e6fb30 Uncommon trap: reason=class_check action=maybe_recompile pc=0x0000020ec34fbc24 method=lombok.eclipse.EclipseNode.traverse(Llombok/eclipse/EclipseASTVisitor;)V @ 580 c2
Event: 6671.531 Thread 0x0000020f10e6fb30 DEOPT PACKING pc=0x0000020ec34fbc24 sp=0x0000009d6c7fda70
Event: 6671.531 Thread 0x0000020f10e6fb30 DEOPT UNPACKING pc=0x0000020ec17b3aa2 sp=0x0000009d6c7fda08 mode 2
Event: 6671.534 Thread 0x0000020f10e6fb30 Uncommon trap: trap_request=0xffffff45 fr.pc=0x0000020ec1efe23c relative=0x000000000000071c
Event: 6671.534 Thread 0x0000020f10e6fb30 Uncommon trap: reason=unstable_if action=reinterpret pc=0x0000020ec1efe23c method=org.eclipse.jdt.internal.core.util.Util.localTypeName(Ljava/lang/String;II)Ljava/lang/String; @ 1 c2
Event: 6671.534 Thread 0x0000020f10e6fb30 DEOPT PACKING pc=0x0000020ec1efe23c sp=0x0000009d6c7fd950
Event: 6671.534 Thread 0x0000020f10e6fb30 DEOPT UNPACKING pc=0x0000020ec17b3aa2 sp=0x0000009d6c7fd928 mode 2
Event: 6671.538 Thread 0x0000020f10e6fb30 Uncommon trap: trap_request=0xffffff45 fr.pc=0x0000020ec2f372d8 relative=0x0000000000003a38
Event: 6671.538 Thread 0x0000020f10e6fb30 Uncommon trap: reason=unstable_if action=reinterpret pc=0x0000020ec2f372d8 method=org.eclipse.jdt.internal.core.Member.areSimilarMethods(Ljava/lang/String;[Ljava/lang/String;Ljava/lang/String;[Ljava/lang/String;[Ljava/lang/String;)Z @ 16 c2
Event: 6671.538 Thread 0x0000020f10e6fb30 DEOPT PACKING pc=0x0000020ec2f372d8 sp=0x0000009d6c7fe370
Event: 6671.538 Thread 0x0000020f10e6fb30 DEOPT UNPACKING pc=0x0000020ec17b3aa2 sp=0x0000009d6c7fe340 mode 2
Event: 6671.541 Thread 0x0000020f10e6fb30 DEOPT PACKING pc=0x0000020ebd468bd5 sp=0x0000009d6c7fdd30
Event: 6671.541 Thread 0x0000020f10e6fb30 DEOPT UNPACKING pc=0x0000020ec17b4242 sp=0x0000009d6c7fd1a8 mode 0
Event: 6671.877 Thread 0x0000020f17e94be0 Uncommon trap: trap_request=0xffffff3d fr.pc=0x0000020ec3651330 relative=0x00000000000002d0
Event: 6671.877 Thread 0x0000020f17e94be0 Uncommon trap: reason=unstable_fused_if action=reinterpret pc=0x0000020ec3651330 method=org.eclipse.jdt.internal.compiler.problem.ProblemReporter.computeSeverity(I)I @ 1 c2
Event: 6671.877 Thread 0x0000020f17e94be0 DEOPT PACKING pc=0x0000020ec3651330 sp=0x0000009d6b4fead0
Event: 6671.877 Thread 0x0000020f17e94be0 DEOPT UNPACKING pc=0x0000020ec17b3aa2 sp=0x0000009d6b4fea68 mode 2

Classes loaded (20 events):
Event: 6347.329 Loading class java/io/ObjectStreamClass$DeserializationConstructorsCache$Key$Lookup
Event: 6347.329 Loading class java/io/ObjectStreamClass$DeserializationConstructorsCache$Key
Event: 6347.329 Loading class java/io/ObjectStreamClass$DeserializationConstructorsCache$Key done
Event: 6347.329 Loading class java/io/ObjectStreamClass$DeserializationConstructorsCache$Key$Lookup done
Event: 6347.331 Loading class java/lang/invoke/BoundMethodHandle$Species_LIL
Event: 6347.331 Loading class java/lang/invoke/BoundMethodHandle$Species_LIL done
Event: 6347.333 Loading class java/io/ObjectStreamClass$DeserializationConstructorsCache$Key$Impl
Event: 6347.333 Loading class java/io/ObjectStreamClass$DeserializationConstructorsCache$Key$Impl done
Event: 6350.754 Loading class javax/xml/transform/TransformerConfigurationException
Event: 6350.760 Loading class javax/xml/transform/TransformerConfigurationException done
Event: 6354.663 Loading class java/lang/Throwable$WrappedPrintWriter
Event: 6354.663 Loading class java/lang/Throwable$PrintStreamOrWriter
Event: 6354.664 Loading class java/lang/Throwable$PrintStreamOrWriter done
Event: 6354.664 Loading class java/lang/Throwable$WrappedPrintWriter done
Event: 6602.276 Loading class jdk/internal/icu/text/NormalizerBase$NFCModeImpl
Event: 6602.276 Loading class jdk/internal/icu/text/NormalizerBase$NFCModeImpl done
Event: 6602.276 Loading class jdk/internal/icu/impl/Norm2AllModes$NFCSingleton
Event: 6602.276 Loading class jdk/internal/icu/impl/Norm2AllModes$NFCSingleton done
Event: 6665.613 Loading class java/nio/channels/CompletionHandler
Event: 6665.614 Loading class java/nio/channels/CompletionHandler done

Classes unloaded (20 events):
Event: 3275.498 Thread 0x0000020eb6c85ed0 Unloading class 0x0000020ecf014800 'java/lang/invoke/LambdaForm$MH+0x0000020ecf014800'
Event: 3275.498 Thread 0x0000020eb6c85ed0 Unloading class 0x0000020ecf00d800 'java/lang/invoke/LambdaForm$MH+0x0000020ecf00d800'
Event: 3275.498 Thread 0x0000020eb6c85ed0 Unloading class 0x0000020ecf00d400 'java/lang/invoke/LambdaForm$MH+0x0000020ecf00d400'
Event: 3275.498 Thread 0x0000020eb6c85ed0 Unloading class 0x0000020ecf00d000 'java/lang/invoke/LambdaForm$MH+0x0000020ecf00d000'
Event: 3275.498 Thread 0x0000020eb6c85ed0 Unloading class 0x0000020ecf00cc00 'java/lang/invoke/LambdaForm$MH+0x0000020ecf00cc00'
Event: 3275.498 Thread 0x0000020eb6c85ed0 Unloading class 0x0000020ecf00c800 'java/lang/invoke/LambdaForm$BMH+0x0000020ecf00c800'
Event: 3275.498 Thread 0x0000020eb6c85ed0 Unloading class 0x0000020ecf00c000 'java/lang/invoke/LambdaForm$DMH+0x0000020ecf00c000'
Event: 3275.498 Thread 0x0000020eb6c85ed0 Unloading class 0x0000020ecf008c00 'java/lang/invoke/LambdaForm$MH+0x0000020ecf008c00'
Event: 3275.498 Thread 0x0000020eb6c85ed0 Unloading class 0x0000020ecf008800 'java/lang/invoke/LambdaForm$MH+0x0000020ecf008800'
Event: 3275.498 Thread 0x0000020eb6c85ed0 Unloading class 0x0000020ecf008400 'java/lang/invoke/LambdaForm$MH+0x0000020ecf008400'
Event: 3275.498 Thread 0x0000020eb6c85ed0 Unloading class 0x0000020ecf007000 'java/lang/invoke/LambdaForm$MH+0x0000020ecf007000'
Event: 3275.498 Thread 0x0000020eb6c85ed0 Unloading class 0x0000020ecf006800 'java/lang/invoke/LambdaForm$MH+0x0000020ecf006800'
Event: 3275.498 Thread 0x0000020eb6c85ed0 Unloading class 0x0000020ecf006400 'java/lang/invoke/LambdaForm$MH+0x0000020ecf006400'
Event: 3275.498 Thread 0x0000020eb6c85ed0 Unloading class 0x0000020ecf006000 'java/lang/invoke/LambdaForm$MH+0x0000020ecf006000'
Event: 3275.498 Thread 0x0000020eb6c85ed0 Unloading class 0x0000020ecf005c00 'java/lang/invoke/LambdaForm$BMH+0x0000020ecf005c00'
Event: 3275.498 Thread 0x0000020eb6c85ed0 Unloading class 0x0000020ecf004800 'java/lang/invoke/LambdaForm$DMH+0x0000020ecf004800'
Event: 3275.498 Thread 0x0000020eb6c85ed0 Unloading class 0x0000020ecf002400 'java/lang/invoke/LambdaForm$MH+0x0000020ecf002400'
Event: 3275.498 Thread 0x0000020eb6c85ed0 Unloading class 0x0000020ecf002000 'java/lang/invoke/LambdaForm$MH+0x0000020ecf002000'
Event: 3275.498 Thread 0x0000020eb6c85ed0 Unloading class 0x0000020ecf001800 'java/lang/invoke/LambdaForm$MH+0x0000020ecf001800'
Event: 3275.498 Thread 0x0000020eb6c85ed0 Unloading class 0x0000020ecf000400 'java/lang/invoke/LambdaForm$MH+0x0000020ecf000400'

Classes redefined (0 events):
No events

Internal exceptions (20 events):
Event: 6369.399 Thread 0x0000020f17e94be0 Exception <a 'sun/nio/fs/WindowsException'{0x00000000d5762d20}> (0x00000000d5762d20) 
thrown [s\src\hotspot\share\prims\jni.cpp, line 520]
Event: 6369.399 Thread 0x0000020f17e94be0 Exception <a 'sun/nio/fs/WindowsException'{0x00000000d5763950}> (0x00000000d5763950) 
thrown [s\src\hotspot\share\prims\jni.cpp, line 520]
Event: 6380.192 Thread 0x0000020f15d51bf0 Exception <a 'sun/nio/fs/WindowsException'{0x00000000d5583620}> (0x00000000d5583620) 
thrown [s\src\hotspot\share\prims\jni.cpp, line 520]
Event: 6385.171 Thread 0x0000020f10e70850 Exception <a 'java/lang/NoSuchMethodError'{0x00000000d56d7698}: 'java.lang.Object java.lang.invoke.DirectMethodHandle$Holder.invokeStatic(java.lang.Object, int, java.lang.Object, java.lang.Object, java.lang.Object, java.lang.Object)'> (0x00000000d56d7698) 
thrown [s\src\hotspot\share\interpreter\linkResolver.cpp, line 773]
Event: 6385.173 Thread 0x0000020f10e70850 Exception <a 'java/lang/NoSuchMethodError'{0x00000000d56de9c8}: 'java.lang.Object java.lang.invoke.DirectMethodHandle$Holder.newInvokeSpecial(java.lang.Object, int, java.lang.Object, java.lang.Object, java.lang.Object)'> (0x00000000d56de9c8) 
thrown [s\src\hotspot\share\interpreter\linkResolver.cpp, line 773]
Event: 6572.715 Thread 0x0000020f15d51bf0 Exception <a 'sun/nio/fs/WindowsException'{0x00000000d55eedf8}> (0x00000000d55eedf8) 
thrown [s\src\hotspot\share\prims\jni.cpp, line 520]
Event: 6573.135 Thread 0x0000020f15d51bf0 Exception <a 'sun/nio/fs/WindowsException'{0x00000000d559ace0}> (0x00000000d559ace0) 
thrown [s\src\hotspot\share\prims\jni.cpp, line 520]
Event: 6574.371 Thread 0x0000020f15d51bf0 Exception <a 'sun/nio/fs/WindowsException'{0x00000000d56ed540}> (0x00000000d56ed540) 
thrown [s\src\hotspot\share\prims\jni.cpp, line 520]
Event: 6574.800 Thread 0x0000020f15d51bf0 Exception <a 'sun/nio/fs/WindowsException'{0x00000000d5739838}> (0x00000000d5739838) 
thrown [s\src\hotspot\share\prims\jni.cpp, line 520]
Event: 6580.771 Thread 0x0000020f10e6fb30 Exception <a 'java/lang/NoSuchMethodError'{0x00000000d5854120}: 'int java.lang.invoke.DirectMethodHandle$Holder.invokeSpecialIFC(java.lang.Object, java.lang.Object, int)'> (0x00000000d5854120) 
thrown [s\src\hotspot\share\interpreter\linkResolver.cpp, line 773]
Event: 6607.083 Thread 0x0000020f15d51bf0 Exception <a 'sun/nio/fs/WindowsException'{0x00000000d57c43c8}> (0x00000000d57c43c8) 
thrown [s\src\hotspot\share\prims\jni.cpp, line 520]
Event: 6607.458 Thread 0x0000020f15d51bf0 Exception <a 'sun/nio/fs/WindowsException'{0x00000000d56b41a0}> (0x00000000d56b41a0) 
thrown [s\src\hotspot\share\prims\jni.cpp, line 520]
Event: 6609.496 Thread 0x0000020f15d51bf0 Exception <a 'sun/nio/fs/WindowsException'{0x00000000d56f2c28}> (0x00000000d56f2c28) 
thrown [s\src\hotspot\share\prims\jni.cpp, line 520]
Event: 6609.864 Thread 0x0000020f15d51bf0 Exception <a 'sun/nio/fs/WindowsException'{0x00000000d5708978}> (0x00000000d5708978) 
thrown [s\src\hotspot\share\prims\jni.cpp, line 520]
Event: 6625.960 Thread 0x0000020f18e40d50 Exception <a 'sun/nio/fs/WindowsException'{0x00000000d572a468}> (0x00000000d572a468) 
thrown [s\src\hotspot\share\prims\jni.cpp, line 520]
Event: 6625.960 Thread 0x0000020f18e40d50 Exception <a 'sun/nio/fs/WindowsException'{0x00000000d572b028}> (0x00000000d572b028) 
thrown [s\src\hotspot\share\prims\jni.cpp, line 520]
Event: 6631.005 Thread 0x0000020f15d51bf0 Exception <a 'sun/nio/fs/WindowsException'{0x00000000d56692d8}> (0x00000000d56692d8) 
thrown [s\src\hotspot\share\prims\jni.cpp, line 520]
Event: 6631.329 Thread 0x0000020f15d51bf0 Exception <a 'sun/nio/fs/WindowsException'{0x00000000d586cb50}> (0x00000000d586cb50) 
thrown [s\src\hotspot\share\prims\jni.cpp, line 520]
Event: 6632.497 Thread 0x0000020f15d51bf0 Exception <a 'sun/nio/fs/WindowsException'{0x00000000d5996bf8}> (0x00000000d5996bf8) 
thrown [s\src\hotspot\share\prims\jni.cpp, line 520]
Event: 6632.873 Thread 0x0000020f15d51bf0 Exception <a 'sun/nio/fs/WindowsException'{0x00000000d57697a8}> (0x00000000d57697a8) 
thrown [s\src\hotspot\share\prims\jni.cpp, line 520]

ZGC Phase Switch (0 events):
No events

VM Operations (20 events):
Event: 6671.432 Executing safepoint VM operation: ParallelGCFailedAllocation (Allocation Failure)
Event: 6671.436 Executing safepoint VM operation: ParallelGCFailedAllocation (Allocation Failure) done
Event: 6671.472 Executing safepoint VM operation: ParallelGCFailedAllocation (Allocation Failure)
Event: 6671.475 Executing safepoint VM operation: ParallelGCFailedAllocation (Allocation Failure) done
Event: 6671.518 Executing safepoint VM operation: ParallelGCFailedAllocation (Allocation Failure)
Event: 6671.520 Executing safepoint VM operation: ParallelGCFailedAllocation (Allocation Failure) done
Event: 6671.839 Executing safepoint VM operation: ParallelGCFailedAllocation (Allocation Failure)
Event: 6671.843 Executing safepoint VM operation: ParallelGCFailedAllocation (Allocation Failure) done
Event: 6671.886 Executing safepoint VM operation: ParallelGCFailedAllocation (Allocation Failure)
Event: 6671.890 Executing safepoint VM operation: ParallelGCFailedAllocation (Allocation Failure) done
Event: 6671.913 Executing safepoint VM operation: ParallelGCFailedAllocation (Allocation Failure)
Event: 6671.918 Executing safepoint VM operation: ParallelGCFailedAllocation (Allocation Failure) done
Event: 6672.965 Executing non-safepoint VM operation: HandshakeAllThreads (HandshakeForDeflation)
Event: 6672.965 Executing non-safepoint VM operation: HandshakeAllThreads (HandshakeForDeflation) done
Event: 6672.965 Executing non-safepoint VM operation: RendezvousGCThreads
Event: 6672.965 Executing non-safepoint VM operation: RendezvousGCThreads done
Event: 6678.994 Executing safepoint VM operation: ParallelGCFailedAllocation (Allocation Failure)
Event: 6678.997 Executing safepoint VM operation: ParallelGCFailedAllocation (Allocation Failure) done
Event: 6679.021 Executing safepoint VM operation: ParallelGCFailedAllocation (Allocation Failure)
Event: 6679.024 Executing safepoint VM operation: ParallelGCFailedAllocation (Allocation Failure) done

Memory protections (0 events):
No events

Nmethod flushes (20 events):
Event: 3920.083 Thread 0x0000020eb6c85ed0 flushing  nmethod 0x0000020ebc627910
Event: 3920.083 Thread 0x0000020eb6c85ed0 flushing osr nmethod 0x0000020ebc62db10
Event: 3920.083 Thread 0x0000020eb6c85ed0 flushing  nmethod 0x0000020ebc636f10
Event: 3920.083 Thread 0x0000020eb6c85ed0 flushing osr nmethod 0x0000020ebc638610
Event: 3920.083 Thread 0x0000020eb6c85ed0 flushing  nmethod 0x0000020ebc646010
Event: 3920.083 Thread 0x0000020eb6c85ed0 flushing  nmethod 0x0000020ebc65e990
Event: 3920.083 Thread 0x0000020eb6c85ed0 flushing  nmethod 0x0000020ebc662590
Event: 3920.083 Thread 0x0000020eb6c85ed0 flushing  nmethod 0x0000020ebc662910
Event: 3920.083 Thread 0x0000020eb6c85ed0 flushing  nmethod 0x0000020ebc668f10
Event: 3920.083 Thread 0x0000020eb6c85ed0 flushing osr nmethod 0x0000020ebc66c210
Event: 3920.083 Thread 0x0000020eb6c85ed0 flushing  nmethod 0x0000020ebc66df90
Event: 3920.083 Thread 0x0000020eb6c85ed0 flushing  nmethod 0x0000020ebc672a10
Event: 3920.083 Thread 0x0000020eb6c85ed0 flushing  nmethod 0x0000020ebc685190
Event: 3920.083 Thread 0x0000020eb6c85ed0 flushing  nmethod 0x0000020ebc686210
Event: 3920.083 Thread 0x0000020eb6c85ed0 flushing  nmethod 0x0000020ebc687110
Event: 3920.083 Thread 0x0000020eb6c85ed0 flushing osr nmethod 0x0000020ebc68e410
Event: 3920.083 Thread 0x0000020eb6c85ed0 flushing  nmethod 0x0000020ebc6abe90
Event: 3920.083 Thread 0x0000020eb6c85ed0 flushing  nmethod 0x0000020ebc6add10
Event: 3920.083 Thread 0x0000020eb6c85ed0 flushing  nmethod 0x0000020ebc6ae390
Event: 3920.083 Thread 0x0000020eb6c85ed0 flushing osr nmethod 0x0000020ebc6be190

Events (20 events):
Event: 6581.235 Thread 0x0000020f23865560 Thread exited: 0x0000020f23865560
Event: 6581.407 Thread 0x0000020f0f1eb030 Thread added: 0x0000020f238670a0
Event: 6581.636 Thread 0x0000020f238670a0 Thread exited: 0x0000020f238670a0
Event: 6599.643 Thread 0x0000020f15cb5e40 Thread exited: 0x0000020f15cb5e40
Event: 6609.831 Thread 0x0000020f18e3f310 Thread added: 0x0000020f17e94be0
Event: 6625.958 Thread 0x0000020f18e40d50 Thread added: 0x0000020f15d74430
Event: 6625.958 Thread 0x0000020f15d74430 Thread exited: 0x0000020f15d74430
Event: 6625.961 Thread 0x0000020f18e40d50 Thread added: 0x0000020f15d74430
Event: 6625.962 Thread 0x0000020f15d74430 Thread exited: 0x0000020f15d74430
Event: 6647.561 Thread 0x0000020f0f1eb030 Thread added: 0x0000020f23865560
Event: 6649.311 Thread 0x0000020f23865560 Thread exited: 0x0000020f23865560
Event: 6659.643 Thread 0x0000020f1a7c5f00 Thread exited: 0x0000020f1a7c5f00
Event: 6661.417 Thread 0x0000020f10e6e780 Thread exited: 0x0000020f10e6e780
Event: 6661.417 Thread 0x0000020f10e6ee10 Thread exited: 0x0000020f10e6ee10
Event: 6661.417 Thread 0x0000020f10e70ee0 Thread exited: 0x0000020f10e70ee0
Event: 6661.417 Thread 0x0000020f10e6e0f0 Thread exited: 0x0000020f10e6e0f0
Event: 6661.417 Thread 0x0000020f10e6da60 Thread exited: 0x0000020f10e6da60
Event: 6661.497 Thread 0x0000020f10e701c0 Thread exited: 0x0000020f10e701c0
Event: 6671.544 Thread 0x0000020f0f1eb030 Thread added: 0x0000020f23865560
Event: 6671.712 Thread 0x0000020f23865560 Thread exited: 0x0000020f23865560


Dynamic libraries:
0x00007ff613530000 - 0x00007ff61353e000 	c:\Users\adminsena\.vscode\extensions\redhat.java-1.55.0-win32-x64\jre\21.0.11-win32-x86_64\bin\java.exe
0x00007ffb7cf10000 - 0x00007ffb7d108000 	C:\Windows\SYSTEM32\ntdll.dll
0x00007ffb7b0c0000 - 0x00007ffb7b182000 	C:\Windows\System32\KERNEL32.DLL
0x00007ffb7ab00000 - 0x00007ffb7adf6000 	C:\Windows\System32\KERNELBASE.dll
0x00007ffb7a6c0000 - 0x00007ffb7a7c0000 	C:\Windows\System32\ucrtbase.dll
0x00007ffb5d680000 - 0x00007ffb5d698000 	c:\Users\adminsena\.vscode\extensions\redhat.java-1.55.0-win32-x64\jre\21.0.11-win32-x86_64\bin\jli.dll
0x00007ffb5d6a0000 - 0x00007ffb5d6be000 	c:\Users\adminsena\.vscode\extensions\redhat.java-1.55.0-win32-x64\jre\21.0.11-win32-x86_64\bin\VCRUNTIME140.dll
0x00007ffb7bab0000 - 0x00007ffb7bc51000 	C:\Windows\System32\USER32.dll
0x00007ffb7a7c0000 - 0x00007ffb7a7e2000 	C:\Windows\System32\win32u.dll
0x00007ffb7b090000 - 0x00007ffb7b0bb000 	C:\Windows\System32\GDI32.dll
0x00007ffb66d00000 - 0x00007ffb66f9b000 	C:\Windows\WinSxS\amd64_microsoft.windows.common-controls_6595b64144ccf1df_6.0.19041.6456_none_60b8a6cb71f64256\COMCTL32.dll
0x00007ffb7c360000 - 0x00007ffb7c3fe000 	C:\Windows\System32\msvcrt.dll
0x00007ffb7a5a0000 - 0x00007ffb7a6b9000 	C:\Windows\System32\gdi32full.dll
0x00007ffb7ae00000 - 0x00007ffb7ae9d000 	C:\Windows\System32\msvcp_win.dll
0x00007ffb7cea0000 - 0x00007ffb7cecf000 	C:\Windows\System32\IMM32.DLL
0x000000005f8c0000 - 0x000000005f8cd000 	C:\Program Files (x86)\360\Total Security\safemon\SafeWrapper.dll
0x00007ffb7afd0000 - 0x00007ffb7b081000 	C:\Windows\System32\ADVAPI32.dll
0x00007ffb7af30000 - 0x00007ffb7afcf000 	C:\Windows\System32\sechost.dll
0x00007ffb7bf40000 - 0x00007ffb7c060000 	C:\Windows\System32\RPCRT4.dll
0x00007ffb7a970000 - 0x00007ffb7a997000 	C:\Windows\System32\bcrypt.dll
0x00007ffb751d0000 - 0x00007ffb752d5000 	C:\Program Files (x86)\360\Total Security\safemon\libzdtp64.dll
0x00007ffb7c400000 - 0x00007ffb7cb70000 	C:\Windows\System32\SHELL32.dll
0x00007ffb7ce40000 - 0x00007ffb7ce9b000 	C:\Windows\System32\SHLWAPI.dll
0x00007ffb7a020000 - 0x00007ffb7a02a000 	C:\Windows\SYSTEM32\VERSION.dll
0x00007ffb4cf10000 - 0x00007ffb4cf1c000 	c:\Users\adminsena\.vscode\extensions\redhat.java-1.55.0-win32-x64\jre\21.0.11-win32-x86_64\bin\vcruntime140_1.dll
0x00007ffb4bab0000 - 0x00007ffb4bb3d000 	c:\Users\adminsena\.vscode\extensions\redhat.java-1.55.0-win32-x64\jre\21.0.11-win32-x86_64\bin\msvcp140.dll
0x00007ffb35b00000 - 0x00007ffb368a2000 	c:\Users\adminsena\.vscode\extensions\redhat.java-1.55.0-win32-x64\jre\21.0.11-win32-x86_64\bin\server\jvm.dll
0x00007ffb7c060000 - 0x00007ffb7c0cb000 	C:\Windows\System32\WS2_32.dll
0x00007ffb72030000 - 0x00007ffb72057000 	C:\Windows\SYSTEM32\WINMM.dll
0x00007ffb7a400000 - 0x00007ffb7a44b000 	C:\Windows\SYSTEM32\POWRPROF.dll
0x00007ffb7a3e0000 - 0x00007ffb7a3f2000 	C:\Windows\SYSTEM32\UMPDC.dll
0x00007ffb783b0000 - 0x00007ffb783c2000 	C:\Windows\SYSTEM32\kernel.appcore.dll
0x00007ffb4cd20000 - 0x00007ffb4cd2a000 	c:\Users\adminsena\.vscode\extensions\redhat.java-1.55.0-win32-x64\jre\21.0.11-win32-x86_64\bin\jimage.dll
0x00007ffb73010000 - 0x00007ffb73211000 	C:\Windows\SYSTEM32\DBGHELP.DLL
0x00007ffb65200000 - 0x00007ffb65234000 	C:\Windows\SYSTEM32\dbgcore.DLL
0x00007ffb7aea0000 - 0x00007ffb7af22000 	C:\Windows\System32\bcryptPrimitives.dll
0x00007ffb4cd10000 - 0x00007ffb4cd1f000 	c:\Users\adminsena\.vscode\extensions\redhat.java-1.55.0-win32-x64\jre\21.0.11-win32-x86_64\bin\instrument.dll
0x00007ffb4c1d0000 - 0x00007ffb4c1f0000 	c:\Users\adminsena\.vscode\extensions\redhat.java-1.55.0-win32-x64\jre\21.0.11-win32-x86_64\bin\java.dll
0x00007ffb785c0000 - 0x00007ffb78d65000 	C:\Windows\SYSTEM32\windows.storage.dll
0x00007ffb7b6c0000 - 0x00007ffb7ba14000 	C:\Windows\System32\combase.dll
0x00007ffb79e80000 - 0x00007ffb79eab000 	C:\Windows\SYSTEM32\Wldp.dll
0x00007ffb7bcc0000 - 0x00007ffb7bd8d000 	C:\Windows\System32\OLEAUT32.dll
0x00007ffb7b610000 - 0x00007ffb7b6bd000 	C:\Windows\System32\SHCORE.dll
0x00007ffb7a4d0000 - 0x00007ffb7a4f4000 	C:\Windows\SYSTEM32\profapi.dll
0x00007ffb4c1b0000 - 0x00007ffb4c1c8000 	c:\Users\adminsena\.vscode\extensions\redhat.java-1.55.0-win32-x64\jre\21.0.11-win32-x86_64\bin\zip.dll
0x00007ffb4cd00000 - 0x00007ffb4cd10000 	C:\Users\adminsena\.vscode\extensions\redhat.java-1.55.0-win32-x64\jre\21.0.11-win32-x86_64\bin\net.dll
0x00007ffb72a70000 - 0x00007ffb72b7a000 	C:\Windows\SYSTEM32\WINHTTP.dll
0x00007ffb79be0000 - 0x00007ffb79c4a000 	C:\Windows\system32\mswsock.dll
0x00007ffb4c190000 - 0x00007ffb4c1a6000 	C:\Users\adminsena\.vscode\extensions\redhat.java-1.55.0-win32-x64\jre\21.0.11-win32-x86_64\bin\nio.dll
0x00007ffb4baa0000 - 0x00007ffb4bab0000 	c:\Users\adminsena\.vscode\extensions\redhat.java-1.55.0-win32-x64\jre\21.0.11-win32-x86_64\bin\verify.dll
0x00007ffb4b790000 - 0x00007ffb4b7d5000 	C:\Users\adminsena\AppData\Roaming\Code\User\globalStorage\redhat.java\1.55.0\config_win\org.eclipse.equinox.launcher\org.eclipse.equinox.launcher.win32.win32.x86_64_1.3.100.v20260613-0559\eclipse_11924.dll
0x00007ffb7cd10000 - 0x00007ffb7ce3b000 	C:\Windows\System32\ole32.dll
0x00007ffb4ba40000 - 0x00007ffb4ba4a000 	C:\Users\adminsena\.vscode\extensions\redhat.java-1.55.0-win32-x64\jre\21.0.11-win32-x86_64\bin\management.dll
0x00007ffb4b780000 - 0x00007ffb4b78c000 	C:\Users\adminsena\.vscode\extensions\redhat.java-1.55.0-win32-x64\jre\21.0.11-win32-x86_64\bin\management_ext.dll
0x00007ffb7b600000 - 0x00007ffb7b608000 	C:\Windows\System32\PSAPI.DLL
0x00007ffb79de0000 - 0x00007ffb79df8000 	C:\Windows\SYSTEM32\CRYPTSP.dll
0x00007ffb79500000 - 0x00007ffb79538000 	C:\Windows\system32\rsaenh.dll
0x00007ffb7a490000 - 0x00007ffb7a4be000 	C:\Windows\SYSTEM32\USERENV.dll
0x00007ffb79dd0000 - 0x00007ffb79ddc000 	C:\Windows\SYSTEM32\CRYPTBASE.dll
0x00007ffb798c0000 - 0x00007ffb798fb000 	C:\Windows\SYSTEM32\IPHLPAPI.DLL
0x00007ffb7cc40000 - 0x00007ffb7cc48000 	C:\Windows\System32\NSI.dll
0x00007ffb4ab40000 - 0x00007ffb4ab89000 	C:\Users\adminsena\AppData\Local\Temp\jna-22778708\jna12844861363691298828.dll
0x00007ffb74100000 - 0x00007ffb74117000 	C:\Windows\SYSTEM32\dhcpcsvc6.DLL
0x00007ffb742c0000 - 0x00007ffb742dd000 	C:\Windows\SYSTEM32\dhcpcsvc.DLL
0x00007ffb4b770000 - 0x00007ffb4b77e000 	C:\Users\adminsena\.vscode\extensions\redhat.java-1.55.0-win32-x64\jre\21.0.11-win32-x86_64\bin\sunmscapi.dll
0x00007ffb7a9a0000 - 0x00007ffb7aafd000 	C:\Windows\System32\CRYPT32.dll
0x00007ffb79ef0000 - 0x00007ffb79f17000 	C:\Windows\SYSTEM32\ncrypt.dll
0x00007ffb79eb0000 - 0x00007ffb79eeb000 	C:\Windows\SYSTEM32\NTASN1.dll
0x00007ffb79900000 - 0x00007ffb799ca000 	C:\Windows\SYSTEM32\DNSAPI.dll
0x00007ffb70950000 - 0x00007ffb7095a000 	C:\Windows\System32\rasadhlp.dll
0x00007ffb6ffb0000 - 0x00007ffb70030000 	C:\Windows\System32\fwpuclnt.dll
0x00007ffb4b760000 - 0x00007ffb4b769000 	C:\Users\adminsena\.vscode\extensions\redhat.java-1.55.0-win32-x64\jre\21.0.11-win32-x86_64\bin\extnet.dll

JVMTI agents:
c:\Users\adminsena\.vscode\extensions\redhat.java-1.55.0-win32-x64\lombok\lombok-1.18.39-4050.jar path:c:\Users\adminsena\.vscode\extensions\redhat.java-1.55.0-win32-x64\jre\21.0.11-win32-x86_64\bin\instrument.dll, loaded, initialized, instrumentlib options:none

dbghelp: loaded successfully - version: 4.0.5 - missing functions: none
symbol engine: initialized successfully - sym options: 0x614 - pdb path: .;c:\Users\adminsena\.vscode\extensions\redhat.java-1.55.0-win32-x64\jre\21.0.11-win32-x86_64\bin;C:\Windows\SYSTEM32;C:\Windows\WinSxS\amd64_microsoft.windows.common-controls_6595b64144ccf1df_6.0.19041.6456_none_60b8a6cb71f64256;C:\Program Files (x86)\360\Total Security\safemon;c:\Users\adminsena\.vscode\extensions\redhat.java-1.55.0-win32-x64\jre\21.0.11-win32-x86_64\bin\server;C:\Users\adminsena\AppData\Roaming\Code\User\globalStorage\redhat.java\1.55.0\config_win\org.eclipse.equinox.launcher\org.eclipse.equinox.launcher.win32.win32.x86_64_1.3.100.v20260613-0559;C:\Users\adminsena\AppData\Local\Temp\jna-22778708

VM Arguments:
jvm_args: --add-modules=ALL-SYSTEM --add-opens=java.base/java.util=ALL-UNNAMED --add-opens=java.base/java.lang=ALL-UNNAMED --add-opens=java.base/sun.nio.fs=ALL-UNNAMED -Declipse.application=org.eclipse.jdt.ls.core.id1 -Dosgi.bundles.defaultStartLevel=4 -Declipse.product=org.eclipse.jdt.ls.core.product -Djava.import.generatesMetadataFilesAtProjectRoot=false -DDetectVMInstallationsJob.disabled=true -Dfile.encoding=utf8 -XX:+UseParallelGC -XX:GCTimeRatio=4 -XX:AdaptiveSizePolicyWeight=90 -Dsun.zip.disableMemoryMapping=true -Xmx2G -Xms100m -Xlog:disable -javaagent:c:\Users\adminsena\.vscode\extensions\redhat.java-1.55.0-win32-x64\lombok\lombok-1.18.39-4050.jar -XX:+HeapDumpOnOutOfMemoryError -XX:HeapDumpPath=c:\Users\adminsena\AppData\Roaming\Code\User\workspaceStorage\c78db97b0e3030e5ab51e90ebc773190\redhat.java -Daether.dependencyCollector.impl=bf 
java_command: c:\Users\adminsena\.vscode\extensions\redhat.java-1.55.0-win32-x64\server\plugins\org.eclipse.equinox.launcher_1.7.200.v20260619-2039.jar -configuration c:\Users\adminsena\AppData\Roaming\Code\User\globalStorage\redhat.java\1.55.0\config_win -data c:\Users\adminsena\AppData\Roaming\Code\User\workspaceStorage\c78db97b0e3030e5ab51e90ebc773190\redhat.java\jdt_ws --pipe=\\.\pipe\lsp-be0889d6595d3db22c8f7e32c51d5001-sock
java_class_path (initial): c:\Users\adminsena\.vscode\extensions\redhat.java-1.55.0-win32-x64\server\plugins\org.eclipse.equinox.launcher_1.7.200.v20260619-2039.jar
Launcher Type: SUN_STANDARD

[Global flags]
    uintx AdaptiveSizePolicyWeight                 = 90                                        {product} {command line}
     intx CICompilerCount                          = 4                                         {product} {ergonomic}
    uintx GCTimeRatio                              = 4                                         {product} {command line}
     bool HeapDumpOnOutOfMemoryError               = true                                   {manageable} {command line}
    ccstr HeapDumpPath                             = c:\Users\adminsena\AppData\Roaming\Code\User\workspaceStorage\c78db97b0e3030e5ab51e90ebc773190\redhat.java         {manageable} {command line}
   size_t InitialHeapSize                          = 104857600                                 {product} {command line}
   size_t MaxHeapSize                              = 2147483648                                {product} {command line}
   size_t MaxNewSize                               = 715653120                                 {product} {ergonomic}
   size_t MinHeapDeltaBytes                        = 524288                                    {product} {ergonomic}
   size_t MinHeapSize                              = 104857600                                 {product} {command line}
   size_t NewSize                                  = 34603008                                  {product} {ergonomic}
    uintx NonNMethodCodeHeapSize                   = 5839372                                {pd product} {ergonomic}
    uintx NonProfiledCodeHeapSize                  = 122909434                              {pd product} {ergonomic}
   size_t OldSize                                  = 70254592                                  {product} {ergonomic}
    uintx ProfiledCodeHeapSize                     = 122909434                              {pd product} {ergonomic}
    uintx ReservedCodeCacheSize                    = 251658240                              {pd product} {ergonomic}
     bool SegmentedCodeCache                       = true                                      {product} {ergonomic}
   size_t SoftMaxHeapSize                          = 2147483648                             {manageable} {ergonomic}
     bool UseCompressedOops                        = true                           {product lp64_product} {ergonomic}
     bool UseLargePagesIndividualAllocation        = false                                  {pd product} {ergonomic}
     bool UseParallelGC                            = true                                      {product} {command line}

Logging:
Log output configuration:
 #0: stdout all=off uptime,level,tags foldmultilines=false
 #1: stderr all=off uptime,level,tags foldmultilines=false

Release file:
JAVA_VERSION="21.0.11" 
MODULES="java.base java.compiler java.datatransfer java.xml java.prefs java.desktop java.instrument java.logging java.management java.security.sasl java.naming java.rmi java.management.rmi java.net.http java.scripting java.security.jgss java.transaction.xa java.sql java.sql.rowset java.xml.crypto java.se java.smartcardio jdk.accessibility jdk.internal.jvmstat jdk.attach jdk.charsets jdk.internal.opt jdk.zipfs jdk.compiler jdk.crypto.ec jdk.crypto.cryptoki jdk.crypto.mscapi jdk.dynalink jdk.internal.ed jdk.editpad jdk.hotspot.agent jdk.httpserver jdk.internal.le jdk.internal.vm.ci jdk.internal.vm.compiler jdk.internal.vm.compiler.management jdk.jartool jdk.javadoc jdk.jcmd jdk.management jdk.management.agent jdk.jconsole jdk.jdeps jdk.jdwp.agent jdk.jdi jdk.jfr jdk.jshell jdk.jsobject jdk.jstatd jdk.localedata jdk.management.jfr jdk.naming.dns jdk.naming.rmi jdk.net jdk.nio.mapmode jdk.random jdk.sctp jdk.security.auth jdk.security.jgss jdk.unsupported jdk.unsupported.desktop jdk.xml.dom" 

Environment Variables:
JAVA_HOME=C:\Program Files\Microsoft\jdk-21.0.8.9-hotspot\
PATH=C:\Program Files\Microsoft\jdk-21.0.8.9-hotspot\bin;C:\Program Files\Eclipse Adoptium\jdk-21.0.6.7-hotspot\bin;C:\Program Files\Common Files\Oracle\Java\javapath;C:\Program Files (x86)\Common Files\Oracle\Java\java8path;C:\Program Files (x86)\Common Files\Oracle\Java\javapath;C:\Windows\system32;C:\Windows;C:\Windows\System32\Wbem;C:\Windows\System32\WindowsPowerShell\v1.0\;C:\Windows\System32\OpenSSH\;C:\ProgramData\chocolatey\bin;C:\xampp\php;C:\composer;C:\Program Files\Microsoft SQL Server\150\Tools\Binn\;C:\Program Files\Microsoft SQL Server\Client SDK\ODBC\170\Tools\Binn\;C:\Program Files\dotnet\;C:\Program Files (x86)\Windows Kits\10\Windows Performance Toolkit\;C:\Program Files (x86)\Microsoft SQL Server\160\Tools\Binn\;C:\Program Files\Microsoft SQL Server\160\Tools\Binn\;C:\Program Files\Microsoft SQL Server\160\DTS\Binn\;C:\Program Files\MongoDB\Tools\100\bin;C:\Program Files\flutter\bin;C:\Program Files\Git\cmd;C:\Program Files\nodejs\;C:\Users\adminsena\AppData\Local\Programs\Python\Python314\Scripts\;C:\Users\adminsena\AppData\Local\Programs\Python\Python314\;C:\Users\adminsena\AppData\Local\Programs\Python\Launcher\;C:\Users\adminsena\AppData\Local\Programs\Python\Python312\Scripts\;C:\Users\adminsena\AppData\Local\Programs\Python\Python312\;C:\Users\adminsena\AppData\Local\Microsoft\WindowsApps;C:\Users\adminsena\AppData\Local\Programs\Microsoft VS Code\bin;C:\Program Files\JetBrains\IntelliJ IDEA 2024.3.3\bin;;C:\Users\adminsena\AppData\Roaming\Composer\vendor\bin;C:\Users\adminsena\.dotnet\tools;C:\Users\adminsena\AppData\Local\Programs\mongosh\;C:\Program Files\MongoDB\Tools\100\bin;C:\Program Files\flutter\bin;C:\Users\adminsena\AppData\Local\Python\bin;C:\Users\adminsena\AppData\Local\GitHubDesktop\bin;C:\Users\adminsena\AppData\Roaming\npm
USERNAME=adminsena
OS=Windows_NT
PROCESSOR_IDENTIFIER=AMD64 Family 23 Model 17 Stepping 0, AuthenticAMD
TMP=C:\Users\ADMINS~1\AppData\Local\Temp
TEMP=C:\Users\ADMINS~1\AppData\Local\Temp




Periodic native trim disabled

---------------  S Y S T E M  ---------------

OS:
 Windows 10 , 64 bit Build 19041 (10.0.19041.5915)
OS uptime: 0 days 2:58 hours

CPU: total 8 (initial active 8) (8 cores per cpu, 2 threads per core) family 23 model 17 stepping 0 microcode 0x0, cx8, cmov, fxsr, ht, mmx, 3dnowpref, sse, sse2, sse3, ssse3, sse4a, sse4.1, sse4.2, popcnt, lzcnt, tsc, tscinvbit, avx, avx2, aes, clmul, bmi1, bmi2, adx, sha, fma, vzeroupper, clflush, clflushopt, rdtscp, f16c
Processor Information for the first 8 processors :
  Max Mhz: 3600, Current Mhz: 3600, Mhz Limit: 3600

Memory: 4k page, system-wide physical 15284M (3497M free)
TotalPageFile size 19910M (AvailPageFile size 5M)
current process WorkingSet (physical memory assigned to process): 1599M, peak: 1599M
current process commit charge ("private bytes"): 1569M, peak: 1570M

vm_info: OpenJDK 64-Bit Server VM (21.0.11+10-LTS) for windows-amd64 JRE (21.0.11+10-LTS), built on 2026-04-21T00:00:00Z by "admin" with MS VC++ 17.12 (VS2022)

END.
